<html>
<body>
<pre>
<h1>µVision Build Log</h1>
<h2>Tool Versions:</h2>
IDE-Version: µVision V5.39.0.0
Copyright (C) 2023 ARM Ltd and ARM Germany GmbH. All rights reserved.
License Information: Sharvin Soosaipillai, McMaster University COMPENG 2DX3, LIC=----
 
Tool Versions:
Toolchain:       MDK-Lite  Version: 5.39.0.0
Toolchain Path:  C:\Keil_v5\ARM\ARMCLANG\Bin
C Compiler:      ArmClang.exe V6.21
Assembler:       Armasm.exe V6.21
Linker/Locator:  ArmLink.exe V6.21
Library Manager: ArmAr.exe V6.21
Hex Converter:   FromElf.exe V6.21
CPU DLL:         SARMCM3.DLL V5.39.0.0
Dialog DLL:      DCM.DLL V1.17.5.0
Target DLL:      CMSIS_AGDI.dll V1.33.16.0
Dialog DLL:      TCM.DLL V1.56.4.0
 
<h2>Project:</h2>
C:\Users\mails\Desktop\Uni\Year 2\Semester 2\COMPENG 2DX3\project\Deliverable 2\2DX_2024_Studio_8\2dx_studio_8c.uvprojx
Project File Date:  04/02/2024

<h2>Output:</h2>
*** Using Compiler 'V6.21', folder: 'C:\Keil_v5\ARM\ARMCLANG\Bin'
Build target 'Target 1'
main.c(80): warning: incompatible pointer types passing 'int *' to parameter of type 'uint8_t *' (aka 'unsigned char *') [-Wincompatible-pointer-types]
   80 |                 status = VL53L1X_CheckForDataReady(dev, &validData);
      |                                                         ^~~~~~~~~~
./VL53L1X_api.h(198): note: passing argument to parameter 'isDataReady' here
  198 | VL53L1X_ERROR VL53L1X_CheckForDataReady(uint16_t dev, uint8_t *isDataReady);
      |                                                                ^
main.c(150): warning: incompatible pointer types passing 'uint16_t *' (aka 'unsigned short *') to parameter of type 'uint8_t *' (aka 'unsigned char *') [-Wincompatible-pointer-types]
  150 |                 status = VL53L1X_BootState(dev, &ToFState);
      |                                                 ^~~~~~~~~
./VL53L1X_api.h(239): note: passing argument to parameter 'state' here
  239 | VL53L1X_ERROR VL53L1X_BootState(uint16_t dev, uint8_t *state);
      |                                                        ^
2 warnings generated.
compiling main.c...
linking...
Program Size: Code=11700 RO-data=1324 RW-data=20 ZI-data=2808  
".\Objects\Lab7_ToF.axf" - 0 Error(s), 2 Warning(s).

<h2>Software Packages used:</h2>

Package Vendor: ARM
                http://www.keil.com/pack/ARM.CMSIS.5.9.0.pack
                ARM::CMSIS@5.9.0
                CMSIS (Common Microcontroller Software Interface Standard)
   * Component: CORE Version: 5.6.0

Package Vendor: TexasInstruments
                http://software-dl.ti.com/msp430/msp430_public_sw/mcu/msp430/msp432cmsis/latest/exports/TexasInstruments.MSP432E4_DFP.3.2.6.pack
                TexasInstruments::MSP432E4_DFP@3.2.6
                Device Family Pack for Texas Instruments SimpleLink(TM) MSP432E4 Series
   * Component: Startup Version: 3.2.3

<h2>Collection of Component include folders:</h2>
  ./RTE/_Target_1
  C:/Users/mails/AppData/Local/Arm/Packs/ARM/CMSIS/5.9.0/CMSIS/Core/Include
  C:/Users/mails/AppData/Local/Arm/Packs/TexasInstruments/MSP432E4_DFP/3.2.6/Device/Include

<h2>Collection of Component Files used:</h2>

   * Component: ARM::CMSIS:CORE@5.6.0

   * Component: TexasInstruments::Device:Startup@3.2.3
      Source file:   Device/Source/startup_msp432e401y_uvision.s
      Source file:   Examples/BlinkLED/blinkLED.c
      Source file:   Device/Source/system_msp432e401y.c
      Source file:   Examples/EmptyMain/main.c
Build Time Elapsed:  00:00:00
</pre>
</body>
</html>
